// Jest Snapshot v1, https://goo.gl/fbAQLP

exports[`Test Mission component 1`] = `
Object {
  "asFragment": [Function],
  "baseElement": <body>
    <div>
      <div
        class="container container-fluid"
      >
        <div
          class="row"
        >
          <div
            class="eachbox col-5"
          >
            <img
              alt="Flicker Image"
              class="img-fluid"
              src=" "
            />
          </div>
          <div
            class="eachbox col"
          >
            <h1>
               
            </h1>
            <button
              class="collapse btn btn-info btn-sm"
              type="button"
            >
              Reserved
            </button>
            <p>
               
            </p>
            <button
              class="btn btn-primary"
              id=" "
              type="button"
            >
              Reserve Rocket
            </button>
          </div>
        </div>
      </div>
    </div>
  </body>,
  "container": <div>
    <div
      class="container container-fluid"
    >
      <div
        class="row"
      >
        <div
          class="eachbox col-5"
        >
          <img
            alt="Flicker Image"
            class="img-fluid"
            src=" "
          />
        </div>
        <div
          class="eachbox col"
        >
          <h1>
             
          </h1>
          <button
            class="collapse btn btn-info btn-sm"
            type="button"
          >
            Reserved
          </button>
          <p>
             
          </p>
          <button
            class="btn btn-primary"
            id=" "
            type="button"
          >
            Reserve Rocket
          </button>
        </div>
      </div>
    </div>
  </div>,
  "debug": [Function],
  "findAllByAltText": [Function],
  "findAllByDisplayValue": [Function],
  "findAllByLabelText": [Function],
  "findAllByPlaceholderText": [Function],
  "findAllByRole": [Function],
  "findAllByTestId": [Function],
  "findAllByText": [Function],
  "findAllByTitle": [Function],
  "findByAltText": [Function],
  "findByDisplayValue": [Function],
  "findByLabelText": [Function],
  "findByPlaceholderText": [Function],
  "findByRole": [Function],
  "findByTestId": [Function],
  "findByText": [Function],
  "findByTitle": [Function],
  "getAllByAltText": [Function],
  "getAllByDisplayValue": [Function],
  "getAllByLabelText": [Function],
  "getAllByPlaceholderText": [Function],
  "getAllByRole": [Function],
  "getAllByTestId": [Function],
  "getAllByText": [Function],
  "getAllByTitle": [Function],
  "getByAltText": [Function],
  "getByDisplayValue": [Function],
  "getByLabelText": [Function],
  "getByPlaceholderText": [Function],
  "getByRole": [Function],
  "getByTestId": [Function],
  "getByText": [Function],
  "getByTitle": [Function],
  "queryAllByAltText": [Function],
  "queryAllByDisplayValue": [Function],
  "queryAllByLabelText": [Function],
  "queryAllByPlaceholderText": [Function],
  "queryAllByRole": [Function],
  "queryAllByTestId": [Function],
  "queryAllByText": [Function],
  "queryAllByTitle": [Function],
  "queryByAltText": [Function],
  "queryByDisplayValue": [Function],
  "queryByLabelText": [Function],
  "queryByPlaceholderText": [Function],
  "queryByRole": [Function],
  "queryByTestId": [Function],
  "queryByText": [Function],
  "queryByTitle": [Function],
  "rerender": [Function],
  "unmount": [Function],
}
`;
